// Jest Snapshot v1, https://goo.gl/fbAQLP

exports[`renders the homepage unchanged 1`] = `
<div>
  <main>
    <input
      type="text"
    />
    <select>
      <option>
        Please select a level
      </option>
      <option
        value="easy"
      >
        Easy
      </option>
      <option
        value="medium"
      >
        Medium
      </option>
      <option
        value="hard"
      >
        Hard
      </option>
    </select>
    <button>
      READY?
    </button>
  </main>
</div>
`;
