// Jest Snapshot v1, https://goo.gl/fbAQLP

exports[`renders the homepage unchanged 1`] = `
<div>
  <main>
    <fieldset>
      <label>
        Enter a username
      </label>
      <input
        type="text"
      />
      <label>
        Select a difficulty level
      </label>
      <select>
        <option />
        <option
          value="easy"
        >
          Easy
        </option>
        <option
          value="medium"
        >
          Medium
        </option>
        <option
          value="hard"
        >
          Hard
        </option>
      </select>
    </fieldset>
    <button
      disabled=""
    >
      Ready
    </button>
  </main>
</div>
`;
